Loaded 3 random samples from /mnt/afs_zhangyunzhe/dataset/pico-banana-400k/jsonl/sft_with_local_source_image_path.jsonl
Loading Kontext from /mnt/afs_zhangyunzhe/pretrained_models/FLUX.1-Kontext-dev ...
Loading pipeline components...:   0%|          | 0/7 [00:00<?, ?it/s]
Loading checkpoint shards:   0%|          | 0/3 [00:00<?, ?it/s][A
Loading checkpoint shards:  33%|███▎      | 1/3 [00:00<00:00,  3.44it/s][A
Loading checkpoint shards:  67%|██████▋   | 2/3 [00:00<00:00,  3.57it/s][A
Loading checkpoint shards: 100%|██████████| 3/3 [00:00<00:00,  4.86it/s][ALoading checkpoint shards: 100%|██████████| 3/3 [00:00<00:00,  4.40it/s]
Loading pipeline components...:  14%|█▍        | 1/7 [00:00<00:04,  1.32it/s]You set `add_prefix_space`. The tokenizer needs to be converted from the slow tokenizers
Loading pipeline components...:  29%|██▊       | 2/7 [00:01<00:02,  2.07it/s]Loading pipeline components...:  43%|████▎     | 3/7 [00:01<00:01,  3.07it/s]Loading pipeline components...:  57%|█████▋    | 4/7 [00:01<00:00,  4.13it/s]Loading pipeline components...:  71%|███████▏  | 5/7 [00:01<00:00,  4.14it/s]
Loading checkpoint shards:   0%|          | 0/2 [00:00<?, ?it/s][A
Loading checkpoint shards:  50%|█████     | 1/2 [00:00<00:00,  7.75it/s][A
Loading checkpoint shards: 100%|██████████| 2/2 [00:00<00:00,  8.10it/s][ALoading checkpoint shards: 100%|██████████| 2/2 [00:00<00:00,  8.04it/s]
Loading pipeline components...:  86%|████████▌ | 6/7 [00:01<00:00,  3.83it/s]Loading pipeline components...: 100%|██████████| 7/7 [00:01<00:00,  3.74it/s]
[1/3] 1610f13e12195291: max|u|=7.656250e+00  pixel_L1=0.015751
[2/3] 0220ed3e4cfd30b6: max|u|=1.043750e+01  pixel_L1=0.029222
[3/3] 004708976637747e: max|u|=1.125000e+01  pixel_L1=0.165055

Report saved: /mnt/afs_zhangyunzhe/EditFlow/outputs/kontext_keep_same_velocity/velocity_report.txt
FLUX Kontext velocity check — prompt: keep the same
generated_at: 2026-06-15T15:35:19
model: /mnt/afs_zhangyunzhe/pretrained_models/FLUX.1-Kontext-dev
num_inference_steps: 28
guidance_scale: 2.5
prompt: 'keep the same'
zero_eps (max_abs < eps => near-zero velocity): 0.001
num_samples: 3

========================================================================================
sample_id: 1610f13e12195291
source: /mnt/afs_zhangyunzhe/EditFlow/outputs/kontext_keep_same_velocity/000_1610f13e12195291/source.png
output: /mnt/afs_zhangyunzhe/EditFlow/outputs/kontext_keep_same_velocity/000_1610f13e12195291/kontext_28nfe.png
----------------------------------------------------------------------------------------
step      sigma       mean|u|        max|u|       ||u||_2  near_zero
   1    1.00000  1.331595e+00  7.656250e+00  8.578856e+02         NO
   2    0.98828  1.126344e+00  6.781250e+00  7.228340e+02         NO
   3    0.97656  1.094628e+00  6.531250e+00  7.020201e+02         NO
   4    0.96484  1.085317e+00  6.500000e+00  6.959482e+02         NO
   5    0.94922  1.082429e+00  6.437500e+00  6.940366e+02         NO
   6    0.93750  1.080264e+00  6.437500e+00  6.926139e+02         NO
   7    0.92188  1.081319e+00  6.437500e+00  6.932224e+02         NO
   8    0.90625  1.080437e+00  6.437500e+00  6.926403e+02         NO
   9    0.88672  1.079025e+00  6.406250e+00  6.917061e+02         NO
  10    0.87109  1.082180e+00  6.468750e+00  6.937321e+02         NO
  11    0.85156  1.080431e+00  6.437500e+00  6.926027e+02         NO
  12    0.82812  1.082087e+00  6.468750e+00  6.936484e+02         NO
  13    0.80859  1.079870e+00  6.468750e+00  6.922443e+02         NO
  14    0.78516  1.083214e+00  6.500000e+00  6.943786e+02         NO
  15    0.75781  1.081066e+00  6.500000e+00  6.929924e+02         NO
  16    0.73047  1.080367e+00  6.500000e+00  6.925862e+02         NO
  17    0.70312  1.077706e+00  6.500000e+00  6.908957e+02         NO
  18    0.67188  1.076680e+00  6.500000e+00  6.902573e+02         NO
  19    0.63672  1.073816e+00  6.468750e+00  6.884287e+02         NO
  20    0.59766  1.074663e+00  6.468750e+00  6.890047e+02         NO
  21    0.55859  1.073174e+00  6.468750e+00  6.880526e+02         NO
  22    0.51172  1.071156e+00  6.468750e+00  6.867756e+02         NO
  23    0.46289  1.069274e+00  6.468750e+00  6.855744e+02         NO
  24    0.40625  1.068379e+00  6.437500e+00  6.850158e+02         NO
  25    0.34570  1.073426e+00  6.500000e+00  6.883079e+02         NO
  26    0.27539  1.073252e+00  6.468750e+00  6.882892e+02         NO
  27    0.19531  1.069880e+00  6.562500e+00  6.863062e+02         NO
  28    0.10449  1.063074e+00  6.781250e+00  6.824924e+02         NO
----------------------------------------------------------------------------------------
all_steps_near_zero: NO  (max|u| across steps = 7.656250e+00)
output vs source pixel diff: L1=0.01575138  MSE=0.00047955  max_abs=0.51372552

========================================================================================
sample_id: 0220ed3e4cfd30b6
source: /mnt/afs_zhangyunzhe/EditFlow/outputs/kontext_keep_same_velocity/001_0220ed3e4cfd30b6/source.png
output: /mnt/afs_zhangyunzhe/EditFlow/outputs/kontext_keep_same_velocity/001_0220ed3e4cfd30b6/kontext_28nfe.png
----------------------------------------------------------------------------------------
step      sigma       mean|u|        max|u|       ||u||_2  near_zero
   1    1.00000  2.223653e+00  1.043750e+01  1.384013e+03         NO
   2    0.98828  1.675942e+00  8.812500e+00  1.046062e+03         NO
   3    0.97656  1.683362e+00  8.500000e+00  1.051334e+03         NO
   4    0.96484  1.677806e+00  8.250000e+00  1.047960e+03         NO
   5    0.94922  1.662169e+00  7.968750e+00  1.037710e+03         NO
   6    0.93359  1.668756e+00  7.906250e+00  1.041932e+03         NO
   7    0.91797  1.667280e+00  7.906250e+00  1.040854e+03         NO
   8    0.90234  1.665752e+00  7.843750e+00  1.039810e+03         NO
   9    0.88672  1.664127e+00  7.812500e+00  1.038628e+03         NO
  10    0.86719  1.662570e+00  7.781250e+00  1.037691e+03         NO
  11    0.84766  1.661767e+00  7.781250e+00  1.037052e+03         NO
  12    0.82812  1.667153e+00  7.812500e+00  1.040385e+03         NO
  13    0.80469  1.662637e+00  7.687500e+00  1.037516e+03         NO
  14    0.78125  1.670888e+00  7.750000e+00  1.042786e+03         NO
  15    0.75781  1.670012e+00  7.718750e+00  1.042175e+03         NO
  16    0.73047  1.655434e+00  7.625000e+00  1.033061e+03         NO
  17    0.69922  1.659192e+00  7.656250e+00  1.035476e+03         NO
  18    0.66797  1.659249e+00  7.593750e+00  1.035498e+03         NO
  19    0.63281  1.653216e+00  7.500000e+00  1.031718e+03         NO
  20    0.59766  1.655515e+00  7.468750e+00  1.033179e+03         NO
  21    0.55469  1.651725e+00  7.437500e+00  1.030770e+03         NO
  22    0.50781  1.647656e+00  7.437500e+00  1.028210e+03         NO
  23    0.45898  1.651538e+00  7.468750e+00  1.030512e+03         NO
  24    0.40430  1.635998e+00  7.437500e+00  1.020532e+03         NO
  25    0.34180  1.629354e+00  7.437500e+00  1.016110e+03         NO
  26    0.27148  1.620844e+00  7.437500e+00  1.010615e+03         NO
  27    0.19336  1.630089e+00  7.562500e+00  1.016274e+03         NO
  28    0.10352  1.625873e+00  7.593750e+00  1.014084e+03         NO
----------------------------------------------------------------------------------------
all_steps_near_zero: NO  (max|u| across steps = 1.043750e+01)
output vs source pixel diff: L1=0.02922218  MSE=0.00686913  max_abs=0.93725491

========================================================================================
sample_id: 004708976637747e
source: /mnt/afs_zhangyunzhe/EditFlow/outputs/kontext_keep_same_velocity/002_004708976637747e/source.png
output: /mnt/afs_zhangyunzhe/EditFlow/outputs/kontext_keep_same_velocity/002_004708976637747e/kontext_28nfe.png
----------------------------------------------------------------------------------------
step      sigma       mean|u|        max|u|       ||u||_2  near_zero
   1    1.00000  1.748331e+00  1.125000e+01  1.181632e+03         NO
   2    0.98828  1.188523e+00  7.187500e+00  7.614052e+02         NO
   3    0.97656  1.172644e+00  7.218750e+00  7.516685e+02         NO
   4    0.96484  1.167718e+00  7.250000e+00  7.488152e+02         NO
   5    0.94922  1.163846e+00  7.250000e+00  7.464129e+02         NO
   6    0.93359  1.162819e+00  7.250000e+00  7.457952e+02         NO
   7    0.91797  1.163604e+00  7.281250e+00  7.463185e+02         NO
   8    0.90234  1.163087e+00  7.281250e+00  7.458766e+02         NO
   9    0.88672  1.162226e+00  7.281250e+00  7.452482e+02         NO
  10    0.86719  1.164680e+00  7.281250e+00  7.467638e+02         NO
  11    0.84766  1.164313e+00  7.281250e+00  7.465714e+02         NO
  12    0.82812  1.165047e+00  7.281250e+00  7.470408e+02         NO
  13    0.80469  1.165348e+00  7.281250e+00  7.471599e+02         NO
  14    0.78125  1.167172e+00  7.281250e+00  7.483752e+02         NO
  15    0.75781  1.165320e+00  7.250000e+00  7.472452e+02         NO
  16    0.73047  1.162155e+00  7.250000e+00  7.450917e+02         NO
  17    0.69922  1.162483e+00  7.250000e+00  7.453890e+02         NO
  18    0.66797  1.162249e+00  7.250000e+00  7.453106e+02         NO
  19    0.63281  1.160438e+00  7.250000e+00  7.441092e+02         NO
  20    0.59766  1.161242e+00  7.250000e+00  7.447255e+02         NO
  21    0.55469  1.157655e+00  7.281250e+00  7.424707e+02         NO
  22    0.50781  1.156237e+00  7.250000e+00  7.416685e+02         NO
  23    0.45898  1.157782e+00  7.250000e+00  7.428299e+02         NO
  24    0.40430  1.156079e+00  7.281250e+00  7.415370e+02         NO
  25    0.34180  1.156084e+00  7.281250e+00  7.415233e+02         NO
  26    0.27148  1.155604e+00  7.250000e+00  7.410827e+02         NO
  27    0.19336  1.151273e+00  7.093750e+00  7.385422e+02         NO
  28    0.10352  1.142061e+00  6.687500e+00  7.332072e+02         NO
----------------------------------------------------------------------------------------
all_steps_near_zero: NO  (max|u| across steps = 1.125000e+01)
output vs source pixel diff: L1=0.16505510  MSE=0.06676363  max_abs=0.93333334

########################################################################################
GLOBAL CONCLUSION
########################################################################################
Velocity u is NOT zero for prompt 'keep the same': at least one step has max|u| >= 0.001.
Largest velocity: sample_id=004708976637747e  max|u|=1.125000e+01

