[pretrain] loading student weights from checkpoints/gmkontext_uedit_fixedeps_k16_2nfe_pico400k/20260618_055623/iter_20000.pth
Launching EditFlow fixed-eps step2 GAN DDP: nproc_per_node=2  total_iters=25000  gan_warmup=3000  gan_ramp=0  gan_weight=1.0  load_from=checkpoints/gmkontext_uedit_fixedeps_k16_2nfe_pico400k/20260618_055623/iter_20000.pth  resume_from=none  run=gmkontext_uedit_fixedeps_k16_2nfe_pico400k_step2_gan  CUDA_VISIBLE_DEVICES=0,1
W0702 17:41:47.237000 4066251 site-packages/torch/distributed/run.py:774] 
W0702 17:41:47.237000 4066251 site-packages/torch/distributed/run.py:774] *****************************************
W0702 17:41:47.237000 4066251 site-packages/torch/distributed/run.py:774] Setting OMP_NUM_THREADS environment variable for each process to be 1 in default, to avoid your system being overloaded, please further tune the variable for optimal performance in your application as needed. 
W0702 17:41:47.237000 4066251 site-packages/torch/distributed/run.py:774] *****************************************
2026-07-02 17:42:43,875 - mmgen - INFO - Experiment dir: /mnt/afs_zhangyunzhe/EditFlow/work_dirs/gmkontext_uedit_fixedeps_k16_2nfe_pico400k_step2_gan
2026-07-02 17:42:43,877 - mmgen - INFO - Run dir: /mnt/afs_zhangyunzhe/EditFlow/work_dirs/gmkontext_uedit_fixedeps_k16_2nfe_pico400k_step2_gan/20260702_174242 (run_id=20260702_174242)
2026-07-02 17:42:44,090 - mmgen - INFO - Environment info:
------------------------------------------------------------
sys.platform: linux
Python: 3.10.20 (main, Mar 11 2026, 17:46:40) [GCC 14.3.0]
CUDA available: True
CUDA_HOME: /usr/local/cuda
NVCC: Build cuda_12.4.r12.4/compiler.34097967_0
GPU 0,1: NVIDIA A100-SXM4-80GB
GCC: gcc (Ubuntu 11.4.0-1ubuntu1~22.04) 11.4.0
PyTorch: 2.8.0+cu128
PyTorch compiling details: PyTorch built with:
  - GCC 13.3
  - C++ Version: 201703
  - Intel(R) oneAPI Math Kernel Library Version 2024.2-Product Build 20240605 for Intel(R) 64 architecture applications
  - Intel(R) MKL-DNN v3.7.1 (Git Hash 8d263e693366ef8db40acc569cc7d8edf644556d)
  - OpenMP 201511 (a.k.a. OpenMP 4.5)
  - LAPACK is enabled (usually provided by MKL)
  - NNPACK is enabled
  - CPU capability usage: AVX512
  - CUDA Runtime 12.8
  - NVCC architecture flags: -gencode;arch=compute_70,code=sm_70;-gencode;arch=compute_75,code=sm_75;-gencode;arch=compute_80,code=sm_80;-gencode;arch=compute_86,code=sm_86;-gencode;arch=compute_90,code=sm_90;-gencode;arch=compute_100,code=sm_100;-gencode;arch=compute_120,code=sm_120
  - CuDNN 91.0.2  (built against CUDA 12.9)
    - Built with CuDNN 90.8
  - Magma 2.6.1
  - Build settings: BLAS_INFO=mkl, BUILD_TYPE=Release, COMMIT_SHA=a1cb3cc05d46d198467bebbb6e8fba50a325d4e7, CUDA_VERSION=12.8, CUDNN_VERSION=9.8.0, CXX_COMPILER=/opt/rh/gcc-toolset-13/root/usr/bin/c++, CXX_FLAGS= -fvisibility-inlines-hidden -DUSE_PTHREADPOOL -DNDEBUG -DUSE_KINETO -DLIBKINETO_NOROCTRACER -DLIBKINETO_NOXPUPTI=ON -DUSE_FBGEMM -DUSE_PYTORCH_QNNPACK -DUSE_XNNPACK -DSYMBOLICATE_MOBILE_DEBUG_HANDLE -O2 -fPIC -DC10_NODEPRECATED -Wall -Wextra -Werror=return-type -Werror=non-virtual-dtor -Werror=range-loop-construct -Werror=bool-operation -Wnarrowing -Wno-missing-field-initializers -Wno-unknown-pragmas -Wno-unused-parameter -Wno-strict-overflow -Wno-strict-aliasing -Wno-stringop-overflow -Wsuggest-override -Wno-psabi -Wno-error=old-style-cast -faligned-new -Wno-maybe-uninitialized -fno-math-errno -fno-trapping-math -Werror=format -Wno-dangling-reference -Wno-error=dangling-reference -Wno-stringop-overflow, LAPACK_INFO=mkl, PERF_WITH_AVX=1, PERF_WITH_AVX2=1, TORCH_VERSION=2.8.0, USE_CUDA=ON, USE_CUDNN=ON, USE_CUSPARSELT=1, USE_GFLAGS=OFF, USE_GLOG=OFF, USE_GLOO=ON, USE_MKL=ON, USE_MKLDNN=ON, USE_MPI=OFF, USE_NCCL=1, USE_NNPACK=ON, USE_OPENMP=ON, USE_ROCM=OFF, USE_ROCM_KERNEL_ASSERT=OFF, USE_XCCL=OFF, USE_XPU=OFF, 

TorchVision: 0.23.0+cu128
OpenCV: 4.13.0
MMCV: 1.6.1
MMGen: 0.7.2+c03b642
MMCV Compiler: n/a
MMCV CUDA Compiler: n/a
------------------------------------------------------------

2026-07-02 17:42:45,385 - mmgen - INFO - Distributed training: True
2026-07-02 17:42:46,968 - mmgen - INFO - Config:
model = dict(
    diffusion=dict(
        denoising=dict(
            freeze_exclude_autocast_dtype='bfloat16',
            type='ArcFluxEditNewTransformer2DModel',
            patch_size=2,
            freeze=True,
            freeze_exclude=[
                'proj_out_deltax', 'proj_out_logweights', 'proj_out_loggamma',
                'norm_out', 'lora'
            ],
            inherit_proj_out_deltax=False,
            deltax_init='kaiming',
            pretrained=
            '/mnt/afs_zhangyunzhe/pretrained_models/FLUX.1-Kontext-dev/transformer/diffusion_pytorch_model.safetensors.index.json',
            num_gaussians=16,
            logweights_channels=4,
            in_channels=64,
            num_layers=19,
            num_single_layers=38,
            attention_head_dim=128,
            num_attention_heads=24,
            joint_attention_dim=4096,
            pooled_projection_dim=768,
            guidance_embeds=True,
            torch_dtype='bfloat16',
            checkpointing=True,
            use_lora=True,
            lora_target_modules=[
                'proj_mlp', 'proj_out', 'ff.net.0.proj', 'ff.net.2',
                'ff_context.net.0.proj', 'ff_context.net.2',
                'timestep_embedder.linear_1', 'timestep_embedder.linear_2'
            ],
            lora_dropout=0.05,
            lora_rank=256),
        type='ArcFlowEditImitationStep2GAN',
        policy_type='ArcFlowEdit',
        flow_loss=dict(
            type='DiffusionMSELoss',
            data_info=dict(pred='u_t_pred', target='u_t'),
            rescale_mode='constant',
            rescale_cfg=dict(scale=30.0)),
        num_timesteps=1,
        timestep_sampler=dict(
            type='ContinuousTimeStepSampler',
            shift=3.2,
            logit_normal_enable=False),
        denoising_mean_mode='U'),
    text_encoder=dict(
        type='PretrainedFluxTextEncoder',
        from_pretrained=
        '/mnt/afs_zhangyunzhe/pretrained_models/FLUX.1-Kontext-dev'),
    type='LatentDiffusionImageEditStep2GAN',
    vae=dict(
        type='PretrainedVAE',
        from_pretrained=
        '/mnt/afs_zhangyunzhe/pretrained_models/FLUX.1-Kontext-dev',
        subfolder='vae',
        freeze=True,
        torch_dtype='bfloat16'),
    diffusion_use_ema=True,
    teacher=dict(
        type='GaussianFlow',
        denoising=dict(
            type='FluxTransformer2DModel',
            patch_size=2,
            freeze=True,
            pretrained=
            '/mnt/afs_zhangyunzhe/pretrained_models/FLUX.1-Kontext-dev/transformer/diffusion_pytorch_model.safetensors.index.json',
            in_channels=64,
            num_layers=19,
            num_single_layers=38,
            attention_head_dim=128,
            num_attention_heads=24,
            joint_attention_dim=4096,
            pooled_projection_dim=768,
            guidance_embeds=True,
            torch_dtype='bfloat16'),
        num_timesteps=1,
        denoising_mean_mode='U'),
    tie_teacher=True,
    discriminator=dict(
        type='DINOv3PatchDiscriminator',
        checkpoint_path=
        '/mnt/afs_zhangyunzhe/pretrained_models/dinov3-vitl16-pretrain-lvd1689m/model.safetensors',
        input_size=224,
        global_weight=0.25,
        patch_weight=1.0,
        freeze_backbone=True))
train_cfg = dict(
    diffusion_grad_clip=50.0,
    diffusion_grad_clip_begin_iter=100,
    use_edited_x0=True,
    use_uedit=True,
    fixed_path_epsilon=True,
    split_stage_gan_warmup_iters=3000,
    split_stage_gan_ramp_iters=0,
    split_stage_gan_loss_weight=1.0,
    num_decay_iters=2000,
    window_substeps=3,
    gm_dropout=0.1,
    num_intermediate_states=4,
    distilled_guidance_scale=3.5,
    teacher_distilled_guidance_scale=3.5,
    nfe=2,
    timestep_ratio=1.0,
    total_substeps=128)
optimizer = dict(
    diffusion=dict(
        type='AdamW8bit',
        lr=0.0001,
        betas=(0.9, 0.95),
        weight_decay=0.0,
        paramwise_cfg=dict(
            custom_keys=dict(proj_out_loggamma=dict(lr_mult=0.1)))),
    discriminator=dict(
        type='AdamW', lr=1e-05, betas=(0.9, 0.95), weight_decay=0.0))
lr_config = dict(
    policy='fixed', warmup='linear', warmup_iters=100, warmup_ratio=0.001)
runner = dict(
    type='DynamicIterBasedRunnerMod',
    pass_training_status=True,
    ckpt_trainable_only=True,
    ckpt_fp16=True,
    ckpt_fp16_ema=True,
    gc_interval=20)
dist_params = dict(backend='nccl')
log_level = 'INFO'
module_wrapper = 'ddp'
cudnn_benchmark = True
mp_start_method = 'fork'
data_root = '/mnt/afs_zhangyunzhe/dataset/pico-banana-400k'
data = dict(
    train=dict(
        type='ImageEdit',
        data_root='/mnt/afs_zhangyunzhe/dataset/pico-banana-400k',
        jsonl_path='jsonl/sft_with_local_source_image_path.jsonl',
        edited_images_dir='edited_images',
        image_size=1024,
        require_edited=True,
        end_ind=-128,
        resize_mode='kontext'),
    val=dict(
        type='ImageEdit',
        data_root='/mnt/afs_zhangyunzhe/dataset/pico-banana-400k',
        jsonl_path='jsonl/sft_with_local_source_image_path.jsonl',
        edited_images_dir='edited_images',
        image_size=1024,
        start_ind=-128,
        repeat=2,
        test_mode=True,
        resize_mode='kontext'),
    workers_per_gpu=1,
    train_dataloader=dict(samples_per_gpu=1),
    val_dataloader=dict(samples_per_gpu=1),
    test_dataloader=dict(samples_per_gpu=1),
    persistent_workers=False,
    prefetch_factor=2)
name = 'gmkontext_uedit_fixedeps_k16_2nfe_pico400k_step2_gan'
kontext_model = '/mnt/afs_zhangyunzhe/pretrained_models/FLUX.1-Kontext-dev'
kontext_transformer = '/mnt/afs_zhangyunzhe/pretrained_models/FLUX.1-Kontext-dev/transformer/diffusion_pytorch_model.safetensors.index.json'
dinov3_model = '/mnt/afs_zhangyunzhe/pretrained_models/dinov3-vitl16-pretrain-lvd1689m/model.safetensors'
save_interval = 500
must_save_interval = 1000
eval_interval = 500
work_dir = '/mnt/afs_zhangyunzhe/EditFlow/work_dirs/gmkontext_uedit_fixedeps_k16_2nfe_pico400k_step2_gan/20260702_174242'
test_cfg = dict(
    distilled_guidance_scale=3.5,
    fixed_path_epsilon=True,
    nfe=2,
    timestep_ratio=1.0,
    total_substeps=128,
    latent_size=(16, 128, 128))
sample_eval = dict(
    type='EditFlowSampleImagesHook',
    enabled=True,
    data='val',
    interval=10,
    must_save_interval=0,
    output_dir='samples',
    max_samples=8,
    priority='LOW')
checkpoint_config = dict(
    interval=500,
    must_save_interval=1000,
    by_epoch=False,
    max_keep_ckpts=1,
    out_dir='checkpoints/gmkontext_uedit_fixedeps_k16_2nfe_pico400k_step2_gan')
total_iters = 25000
log_config = dict(
    interval=1,
    hooks=[dict(type='TextLoggerHook'),
           dict(type='TensorboardLoggerHook')])
custom_hooks = [
    dict(
        type='ExponentialMovingAverageHookMod',
        module_keys=('diffusion_ema', ),
        interp_mode='lerp',
        interval=1,
        start_iter=100,
        momentum_policy='karras',
        momentum_cfg=dict(gamma=7.0),
        priority='VERY_HIGH')
]
load_from = 'checkpoints/gmkontext_uedit_fixedeps_k16_2nfe_pico400k/20260618_055623/iter_20000.pth'
resume_from = ''
workflow = [('train', 500)]
gpu_ids = range(0, 2)

2026-07-02 17:42:46,969 - mmgen - INFO - Set random seed to 2021, deterministic: False, use_rank_shift: True
2026-07-02 17:42:47,109 - mmgen - INFO - load checkpoint from local path: /mnt/afs_zhangyunzhe/pretrained_models/FLUX.1-Kontext-dev/transformer/diffusion_pytorch_model.safetensors.index.json
2026-07-02 17:42:49,963 - mmgen - INFO - load checkpoint from local path: /mnt/afs_zhangyunzhe/pretrained_models/FLUX.1-Kontext-dev/transformer/diffusion_pytorch_model.safetensors.index.json
Loading pipeline components...:   0%|          | 0/4 [00:00<?, ?it/s]You set `add_prefix_space`. The tokenizer needs to be converted from the slow tokenizers
You set `add_prefix_space`. The tokenizer needs to be converted from the slow tokenizers
Loading pipeline components...:  25%|██▌       | 1/4 [00:00<00:00,  3.94it/s]Loading pipeline components...:  50%|█████     | 2/4 [00:00<00:00,  4.72it/s]
Loading checkpoint shards:   0%|          | 0/2 [00:00<?, ?it/s][ALoading checkpoint shards:   0%|          | 0/2 [00:00<?, ?it/s]
Loading checkpoint shards:  50%|█████     | 1/2 [00:00<00:00,  3.04it/s]Loading checkpoint shards:  50%|█████     | 1/2 [00:00<00:00,  1.98it/s][A
Loading checkpoint shards: 100%|██████████| 2/2 [00:00<00:00,  2.30it/s]Loading checkpoint shards: 100%|██████████| 2/2 [00:01<00:00,  1.97it/s][ALoading checkpoint shards: 100%|██████████| 2/2 [00:00<00:00,  2.39it/s]
Loading checkpoint shards: 100%|██████████| 2/2 [00:01<00:00,  1.97it/s]
Loading pipeline components...:  75%|███████▌  | 3/4 [00:01<00:00,  1.66it/s]Loading pipeline components...: 100%|██████████| 4/4 [00:01<00:00,  2.05it/s]Loading pipeline components...: 100%|██████████| 4/4 [00:01<00:00,  2.21it/s]
2026-07-02 17:43:08,430 - mmgen - INFO - ImageEdit: loaded 257730 rows, using [0, 257602), image_size=1024, require_edited=True, skip_missing=True
2026-07-02 17:43:11,046 - mmgen - INFO - Use DDP Wrapper.
/mnt/afs_zhangyunzhe/miniconda3/envs/arcflow/lib/python3.10/site-packages/torch/nn/modules/module.py:967: UserWarning: The .grad attribute of a Tensor that is not a leaf Tensor is being accessed. Its .grad attribute won't be populated during autograd.backward(). If you indeed want the .grad field to be populated for a non-leaf Tensor, use .retain_grad() on the non-leaf Tensor. If you access the non-leaf Tensor by mistake, make sure you access the leaf Tensor instead. See github.com/pytorch/pytorch/pull/30531 for more informations. (Triggered internally at /pytorch/build/aten/src/ATen/core/TensorBody.h:489.)
  param_grad = param.grad
/mnt/afs_zhangyunzhe/miniconda3/envs/arcflow/lib/python3.10/site-packages/torch/nn/modules/module.py:967: UserWarning: The .grad attribute of a Tensor that is not a leaf Tensor is being accessed. Its .grad attribute won't be populated during autograd.backward(). If you indeed want the .grad field to be populated for a non-leaf Tensor, use .retain_grad() on the non-leaf Tensor. If you access the non-leaf Tensor by mistake, make sure you access the leaf Tensor instead. See github.com/pytorch/pytorch/pull/30531 for more informations. (Triggered internally at /pytorch/build/aten/src/ATen/core/TensorBody.h:489.)
  param_grad = param.grad
2026-07-02 17:47:20,435 - mmgen - INFO - ImageEdit: loaded 257730 rows, using [257602, 257730), image_size=1024, require_edited=False, skip_missing=True
2026-07-02 17:47:20,441 - mmgen - INFO - load checkpoint from local path: checkpoints/gmkontext_uedit_fixedeps_k16_2nfe_pico400k/20260618_055623/iter_20000.pth
2026-07-02 17:47:39,903 - mmgen - INFO - Start running, host: root@app-a3067f3c28cb43808719db0807c0176d-568dd6bbd-228qb, work_dir: /mnt/afs_zhangyunzhe/EditFlow/work_dirs/gmkontext_uedit_fixedeps_k16_2nfe_pico400k_step2_gan/20260702_174242
2026-07-02 17:47:39,906 - mmgen - INFO - workflow: [('train', 500)], max: 25000 iters
2026-07-02 17:47:39,909 - mmgen - INFO - Checkpoints will be saved to checkpoints/gmkontext_uedit_fixedeps_k16_2nfe_pico400k_step2_gan/20260702_174242 by HardDiskBackend.
2026-07-02 17:47:58,434 - mmgen - INFO - Iter [1/25000]	lr_diffusion: 1.000e-07 lr_discriminator: 1.000e-08, eta: 5 days, 5:11:15, time: 18.028, data_time: 0.494, memory: 47058, teacher_ratio: 1.0000, loss_diffusion: 1.0650, gan_loss_scale: 0.0000
2026-07-02 17:48:11,622 - mmgen - INFO - Iter [2/25000]	lr_diffusion: 1.099e-06 lr_discriminator: 1.099e-07, eta: 4 days, 12:22:49, time: 13.188, data_time: 0.040, memory: 48349, teacher_ratio: 0.9995, loss_diffusion: 2.7334, gan_loss_scale: 0.0000
2026-07-02 17:48:24,617 - mmgen - INFO - Iter [3/25000]	lr_diffusion: 2.098e-06 lr_discriminator: 2.098e-07, eta: 4 days, 6:19:33, time: 12.994, data_time: 0.037, memory: 48349, teacher_ratio: 0.9990, loss_diffusion: 1.4869, gan_loss_scale: 0.0000
2026-07-02 17:48:33,557 - mmgen - INFO - Iter [4/25000]	lr_diffusion: 3.097e-06 lr_discriminator: 3.097e-07, eta: 3 days, 20:15:40, time: 8.941, data_time: 0.040, memory: 48349, teacher_ratio: 0.9985, loss_diffusion: 0.8966, gan_loss_scale: 0.0000
2026-07-02 17:48:45,842 - mmgen - INFO - Iter [5/25000]	lr_diffusion: 4.096e-06 lr_discriminator: 4.096e-07, eta: 3 days, 18:51:52, time: 12.285, data_time: 0.039, memory: 48351, teacher_ratio: 0.9980, loss_diffusion: 1.5496, gan_loss_scale: 0.0000
2026-07-02 17:48:54,801 - mmgen - INFO - Iter [6/25000]	lr_diffusion: 5.095e-06 lr_discriminator: 5.095e-07, eta: 3 days, 14:05:02, time: 8.959, data_time: 0.036, memory: 48351, teacher_ratio: 0.9975, loss_diffusion: 4.6869, gan_loss_scale: 0.0000
2026-07-02 17:49:03,766 - mmgen - INFO - Iter [7/25000]	lr_diffusion: 6.094e-06 lr_discriminator: 6.094e-07, eta: 3 days, 10:40:02, time: 8.957, data_time: 0.043, memory: 48351, teacher_ratio: 0.9970, loss_diffusion: 1.0272, gan_loss_scale: 0.0000
2026-07-02 17:49:12,806 - mmgen - INFO - Iter [8/25000]	lr_diffusion: 7.093e-06 lr_discriminator: 7.093e-07, eta: 3 days, 8:10:49, time: 9.045, data_time: 0.091, memory: 48351, teacher_ratio: 0.9965, loss_diffusion: 23.3878, gan_loss_scale: 0.0000
2026-07-02 17:49:21,839 - mmgen - INFO - Iter [9/25000]	lr_diffusion: 8.092e-06 lr_discriminator: 8.092e-07, eta: 3 days, 6:14:15, time: 9.035, data_time: 0.064, memory: 48351, teacher_ratio: 0.9960, loss_diffusion: 2.0973, gan_loss_scale: 0.0000
/mnt/afs_zhangyunzhe/miniconda3/envs/arcflow/lib/python3.10/site-packages/torch/distributed/distributed_c10d.py:4807: UserWarning: No device id is provided via `init_process_group` or `barrier `. Using the current device set by the user. 
  warnings.warn(  # warn only once
/mnt/afs_zhangyunzhe/miniconda3/envs/arcflow/lib/python3.10/site-packages/torch/distributed/distributed_c10d.py:4807: UserWarning: No device id is provided via `init_process_group` or `barrier `. Using the current device set by the user. 
  warnings.warn(  # warn only once
huggingface/tokenizers: The current process just got forked, after parallelism has already been used. Disabling parallelism to avoid deadlocks...
To disable this warning, you can either:
	- Avoid using `tokenizers` before the fork if possible
	- Explicitly set the environment variable TOKENIZERS_PARALLELISM=(true | false)
2026-07-02 17:50:29,188 - mmgen - INFO - Saved 8 edit sample folder(s) to /mnt/afs_zhangyunzhe/EditFlow/work_dirs/gmkontext_uedit_fixedeps_k16_2nfe_pico400k_step2_gan/20260702_174242/samples/iter_10
2026-07-02 17:50:29,253 - mmgen - INFO - Iter [10/25000]	lr_diffusion: 9.091e-06 lr_discriminator: 9.091e-07, eta: 3 days, 7:04:20, time: 12.477, data_time: 0.041, memory: 49867, teacher_ratio: 0.9955, loss_diffusion: 3.5665, gan_loss_scale: 0.0000
2026-07-02 17:50:40,637 - mmgen - INFO - Iter [11/25000]	lr_diffusion: 1.009e-05 lr_discriminator: 1.009e-06, eta: 4 days, 17:43:48, time: 66.318, data_time: 55.034, memory: 49867, teacher_ratio: 0.9950, loss_diffusion: 2.0383, gan_loss_scale: 0.0000
2026-07-02 17:50:49,688 - mmgen - INFO - Iter [12/25000]	lr_diffusion: 1.109e-05 lr_discriminator: 1.109e-06, eta: 4 days, 13:29:08, time: 9.054, data_time: 0.119, memory: 49867, teacher_ratio: 0.9945, loss_diffusion: 1.8538, gan_loss_scale: 0.0000
2026-07-02 17:50:58,682 - mmgen - INFO - Iter [13/25000]	lr_diffusion: 1.209e-05 lr_discriminator: 1.209e-06, eta: 4 days, 9:51:41, time: 8.993, data_time: 0.071, memory: 49867, teacher_ratio: 0.9940, loss_diffusion: 1.7279, gan_loss_scale: 0.0000
2026-07-02 17:51:07,700 - mmgen - INFO - Iter [14/25000]	lr_diffusion: 1.309e-05 lr_discriminator: 1.309e-06, eta: 4 days, 6:46:00, time: 9.018, data_time: 0.074, memory: 49867, teacher_ratio: 0.9935, loss_diffusion: 1.2896, gan_loss_scale: 0.0000
2026-07-02 17:51:16,716 - mmgen - INFO - Iter [15/25000]	lr_diffusion: 1.409e-05 lr_discriminator: 1.409e-06, eta: 4 days, 4:04:59, time: 9.016, data_time: 0.058, memory: 49867, teacher_ratio: 0.9930, loss_diffusion: 1.4488, gan_loss_scale: 0.0000
2026-07-02 17:51:29,304 - mmgen - INFO - Iter [16/25000]	lr_diffusion: 1.509e-05 lr_discriminator: 1.509e-06, eta: 4 days, 3:17:03, time: 12.588, data_time: 0.053, memory: 49867, teacher_ratio: 0.9925, loss_diffusion: 3.7814, gan_loss_scale: 0.0000
2026-07-02 17:51:38,282 - mmgen - INFO - Iter [17/25000]	lr_diffusion: 1.608e-05 lr_discriminator: 1.608e-06, eta: 4 days, 1:06:18, time: 8.978, data_time: 0.040, memory: 49867, teacher_ratio: 0.9920, loss_diffusion: 13.7263, gan_loss_scale: 0.0000
2026-07-02 17:51:50,363 - mmgen - INFO - Iter [18/25000]	lr_diffusion: 1.708e-05 lr_discriminator: 1.708e-06, eta: 4 days, 0:21:47, time: 12.078, data_time: 0.044, memory: 49867, teacher_ratio: 0.9915, loss_diffusion: 1.4089, gan_loss_scale: 0.0000
2026-07-02 17:52:04,450 - mmgen - INFO - Iter [19/25000]	lr_diffusion: 1.808e-05 lr_discriminator: 1.808e-06, eta: 4 days, 0:26:01, time: 14.090, data_time: 0.043, memory: 49867, teacher_ratio: 0.9910, loss_diffusion: 4.2010, gan_loss_scale: 0.0000
huggingface/tokenizers: The current process just got forked, after parallelism has already been used. Disabling parallelism to avoid deadlocks...
To disable this warning, you can either:
	- Avoid using `tokenizers` before the fork if possible
	- Explicitly set the environment variable TOKENIZERS_PARALLELISM=(true | false)
2026-07-02 17:52:47,312 - mmgen - INFO - Saved 8 edit sample folder(s) to /mnt/afs_zhangyunzhe/EditFlow/work_dirs/gmkontext_uedit_fixedeps_k16_2nfe_pico400k_step2_gan/20260702_174242/samples/iter_20
2026-07-02 17:52:47,349 - mmgen - INFO - Iter [20/25000]	lr_diffusion: 1.908e-05 lr_discriminator: 1.908e-06, eta: 3 days, 22:59:27, time: 9.749, data_time: 0.038, memory: 49867, teacher_ratio: 0.9905, loss_diffusion: 3.6727, gan_loss_scale: 0.0000
2026-07-02 17:52:56,672 - mmgen - INFO - Iter [21/25000]	lr_diffusion: 2.008e-05 lr_discriminator: 2.008e-06, eta: 4 days, 8:29:50, time: 42.473, data_time: 33.562, memory: 49867, teacher_ratio: 0.9900, loss_diffusion: 18.7512, gan_loss_scale: 0.0000
2026-07-02 17:53:05,648 - mmgen - INFO - Iter [22/25000]	lr_diffusion: 2.108e-05 lr_discriminator: 2.108e-06, eta: 4 days, 6:34:27, time: 8.976, data_time: 0.038, memory: 49867, teacher_ratio: 0.9895, loss_diffusion: 2.0276, gan_loss_scale: 0.0000
2026-07-02 17:53:14,671 - mmgen - INFO - Iter [23/25000]	lr_diffusion: 2.208e-05 lr_discriminator: 2.208e-06, eta: 4 days, 4:49:57, time: 9.023, data_time: 0.041, memory: 49867, teacher_ratio: 0.9890, loss_diffusion: 2.3876, gan_loss_scale: 0.0000
2026-07-02 17:53:23,682 - mmgen - INFO - Iter [24/25000]	lr_diffusion: 2.308e-05 lr_discriminator: 2.308e-06, eta: 4 days, 3:13:55, time: 9.011, data_time: 0.049, memory: 49867, teacher_ratio: 0.9885, loss_diffusion: 3.5974, gan_loss_scale: 0.0000
2026-07-02 17:53:32,706 - mmgen - INFO - Iter [25/25000]	lr_diffusion: 2.408e-05 lr_discriminator: 2.408e-06, eta: 4 days, 1:45:31, time: 9.008, data_time: 0.038, memory: 49867, teacher_ratio: 0.9880, loss_diffusion: 8.8336, gan_loss_scale: 0.0000
2026-07-02 17:53:41,706 - mmgen - INFO - Iter [26/25000]	lr_diffusion: 2.508e-05 lr_discriminator: 2.508e-06, eta: 4 days, 0:24:01, time: 9.015, data_time: 0.055, memory: 49867, teacher_ratio: 0.9875, loss_diffusion: 1.3683, gan_loss_scale: 0.0000
2026-07-02 17:53:50,708 - mmgen - INFO - Iter [27/25000]	lr_diffusion: 2.607e-05 lr_discriminator: 2.607e-06, eta: 3 days, 23:08:03, time: 8.983, data_time: 0.042, memory: 49867, teacher_ratio: 0.9870, loss_diffusion: 2.4052, gan_loss_scale: 0.0000
2026-07-02 17:54:03,412 - mmgen - INFO - Iter [28/25000]	lr_diffusion: 2.707e-05 lr_discriminator: 2.707e-06, eta: 3 days, 22:53:02, time: 12.719, data_time: 0.065, memory: 49867, teacher_ratio: 0.9865, loss_diffusion: 5.8283, gan_loss_scale: 0.0000
2026-07-02 17:54:16,266 - mmgen - INFO - Iter [29/25000]	lr_diffusion: 2.807e-05 lr_discriminator: 2.807e-06, eta: 3 days, 22:41:02, time: 12.858, data_time: 0.050, memory: 49867, teacher_ratio: 0.9860, loss_diffusion: 1.6244, gan_loss_scale: 0.0000
huggingface/tokenizers: The current process just got forked, after parallelism has already been used. Disabling parallelism to avoid deadlocks...
To disable this warning, you can either:
	- Avoid using `tokenizers` before the fork if possible
	- Explicitly set the environment variable TOKENIZERS_PARALLELISM=(true | false)
2026-07-02 17:54:59,101 - mmgen - INFO - Saved 8 edit sample folder(s) to /mnt/afs_zhangyunzhe/EditFlow/work_dirs/gmkontext_uedit_fixedeps_k16_2nfe_pico400k_step2_gan/20260702_174242/samples/iter_30
2026-07-02 17:54:59,139 - mmgen - INFO - Iter [30/25000]	lr_diffusion: 2.907e-05 lr_discriminator: 2.907e-06, eta: 3 days, 21:45:23, time: 9.656, data_time: 0.039, memory: 49867, teacher_ratio: 0.9855, loss_diffusion: 3.6684, gan_loss_scale: 0.0000
2026-07-02 17:55:08,079 - mmgen - INFO - Iter [31/25000]	lr_diffusion: 3.007e-05 lr_discriminator: 3.007e-06, eta: 4 days, 4:09:38, time: 42.157, data_time: 33.252, memory: 49867, teacher_ratio: 0.9850, loss_diffusion: 0.9700, gan_loss_scale: 0.0000
2026-07-02 17:55:17,079 - mmgen - INFO - Iter [32/25000]	lr_diffusion: 3.107e-05 lr_discriminator: 3.107e-06, eta: 4 days, 2:58:39, time: 9.001, data_time: 0.038, memory: 49867, teacher_ratio: 0.9845, loss_diffusion: 13.2170, gan_loss_scale: 0.0000
2026-07-02 17:55:26,081 - mmgen - INFO - Iter [33/25000]	lr_diffusion: 3.207e-05 lr_discriminator: 3.207e-06, eta: 4 days, 1:51:57, time: 9.001, data_time: 0.041, memory: 49867, teacher_ratio: 0.9840, loss_diffusion: 2.6417, gan_loss_scale: 0.0000
2026-07-02 17:55:35,046 - mmgen - INFO - Iter [34/25000]	lr_diffusion: 3.307e-05 lr_discriminator: 3.307e-06, eta: 4 days, 0:48:43, time: 8.964, data_time: 0.038, memory: 49867, teacher_ratio: 0.9835, loss_diffusion: 1.2243, gan_loss_scale: 0.0000
2026-07-02 17:55:44,009 - mmgen - INFO - Iter [35/25000]	lr_diffusion: 3.407e-05 lr_discriminator: 3.407e-06, eta: 3 days, 23:49:07, time: 8.965, data_time: 0.038, memory: 49867, teacher_ratio: 0.9830, loss_diffusion: 1.5035, gan_loss_scale: 0.0000
2026-07-02 17:55:55,285 - mmgen - INFO - Iter [36/25000]	lr_diffusion: 3.507e-05 lr_discriminator: 3.507e-06, eta: 3 days, 23:19:27, time: 11.271, data_time: 0.038, memory: 49867, teacher_ratio: 0.9825, loss_diffusion: 2.0621, gan_loss_scale: 0.0000
2026-07-02 17:56:04,256 - mmgen - INFO - Iter [37/25000]	lr_diffusion: 3.606e-05 lr_discriminator: 3.606e-06, eta: 3 days, 22:25:34, time: 8.975, data_time: 0.042, memory: 49867, teacher_ratio: 0.9820, loss_diffusion: 6.0639, gan_loss_scale: 0.0000
2026-07-02 17:56:13,252 - mmgen - INFO - Iter [38/25000]	lr_diffusion: 3.706e-05 lr_discriminator: 3.706e-06, eta: 3 days, 21:34:45, time: 8.997, data_time: 0.039, memory: 49867, teacher_ratio: 0.9815, loss_diffusion: 4.8994, gan_loss_scale: 0.0000
2026-07-02 17:56:22,391 - mmgen - INFO - Iter [39/25000]	lr_diffusion: 3.806e-05 lr_discriminator: 3.806e-06, eta: 3 days, 20:48:03, time: 9.139, data_time: 0.037, memory: 49867, teacher_ratio: 0.9810, loss_diffusion: 2.1003, gan_loss_scale: 0.0000
huggingface/tokenizers: The current process just got forked, after parallelism has already been used. Disabling parallelism to avoid deadlocks...
To disable this warning, you can either:
	- Avoid using `tokenizers` before the fork if possible
	- Explicitly set the environment variable TOKENIZERS_PARALLELISM=(true | false)
2026-07-02 17:57:04,337 - mmgen - INFO - Saved 8 edit sample folder(s) to /mnt/afs_zhangyunzhe/EditFlow/work_dirs/gmkontext_uedit_fixedeps_k16_2nfe_pico400k_step2_gan/20260702_174242/samples/iter_40
2026-07-02 17:57:04,375 - mmgen - INFO - Iter [40/25000]	lr_diffusion: 3.906e-05 lr_discriminator: 3.906e-06, eta: 3 days, 20:02:03, time: 8.983, data_time: 0.039, memory: 49867, teacher_ratio: 0.9805, loss_diffusion: 8.5636, gan_loss_scale: 0.0000
2026-07-02 17:57:13,671 - mmgen - INFO - Iter [41/25000]	lr_diffusion: 4.006e-05 lr_discriminator: 4.006e-06, eta: 4 days, 0:56:18, time: 42.297, data_time: 33.357, memory: 49867, teacher_ratio: 0.9800, loss_diffusion: 2.5682, gan_loss_scale: 0.0000
2026-07-02 17:57:22,622 - mmgen - INFO - Iter [42/25000]	lr_diffusion: 4.106e-05 lr_discriminator: 4.106e-06, eta: 4 days, 0:06:14, time: 8.951, data_time: 0.037, memory: 49867, teacher_ratio: 0.9795, loss_diffusion: 0.8625, gan_loss_scale: 0.0000
2026-07-02 17:57:31,610 - mmgen - INFO - Iter [43/25000]	lr_diffusion: 4.206e-05 lr_discriminator: 4.206e-06, eta: 3 days, 23:18:51, time: 8.988, data_time: 0.035, memory: 49867, teacher_ratio: 0.9790, loss_diffusion: 2.7826, gan_loss_scale: 0.0000
2026-07-02 17:57:40,609 - mmgen - INFO - Iter [44/25000]	lr_diffusion: 4.306e-05 lr_discriminator: 4.306e-06, eta: 3 days, 22:33:43, time: 8.998, data_time: 0.039, memory: 49867, teacher_ratio: 0.9785, loss_diffusion: 2.4128, gan_loss_scale: 0.0000
2026-07-02 17:57:49,606 - mmgen - INFO - Iter [45/25000]	lr_diffusion: 4.406e-05 lr_discriminator: 4.406e-06, eta: 3 days, 21:50:35, time: 8.998, data_time: 0.037, memory: 49867, teacher_ratio: 0.9780, loss_diffusion: 2.9839, gan_loss_scale: 0.0000
2026-07-02 17:57:58,602 - mmgen - INFO - Iter [46/25000]	lr_diffusion: 4.506e-05 lr_discriminator: 4.506e-06, eta: 3 days, 21:09:17, time: 8.995, data_time: 0.038, memory: 49867, teacher_ratio: 0.9775, loss_diffusion: 1.6126, gan_loss_scale: 0.0000
2026-07-02 17:58:07,584 - mmgen - INFO - Iter [47/25000]	lr_diffusion: 4.605e-05 lr_discriminator: 4.605e-06, eta: 3 days, 20:29:34, time: 8.976, data_time: 0.047, memory: 49867, teacher_ratio: 0.9770, loss_diffusion: 5.2899, gan_loss_scale: 0.0000
2026-07-02 17:58:16,601 - mmgen - INFO - Iter [48/25000]	lr_diffusion: 4.705e-05 lr_discriminator: 4.705e-06, eta: 3 days, 19:51:54, time: 9.021, data_time: 0.046, memory: 49867, teacher_ratio: 0.9765, loss_diffusion: 3.0939, gan_loss_scale: 0.0000
2026-07-02 17:58:25,594 - mmgen - INFO - Iter [49/25000]	lr_diffusion: 4.805e-05 lr_discriminator: 4.805e-06, eta: 3 days, 19:15:32, time: 8.994, data_time: 0.048, memory: 49867, teacher_ratio: 0.9760, loss_diffusion: 6.2523, gan_loss_scale: 0.0000
huggingface/tokenizers: The current process just got forked, after parallelism has already been used. Disabling parallelism to avoid deadlocks...
To disable this warning, you can either:
	- Avoid using `tokenizers` before the fork if possible
	- Explicitly set the environment variable TOKENIZERS_PARALLELISM=(true | false)
2026-07-02 17:59:11,664 - mmgen - INFO - Saved 8 edit sample folder(s) to /mnt/afs_zhangyunzhe/EditFlow/work_dirs/gmkontext_uedit_fixedeps_k16_2nfe_pico400k_step2_gan/20260702_174242/samples/iter_50
2026-07-02 17:59:11,701 - mmgen - INFO - Iter [50/25000]	lr_diffusion: 4.905e-05 lr_discriminator: 4.905e-06, eta: 3 days, 19:14:16, time: 13.043, data_time: 0.039, memory: 49867, teacher_ratio: 0.9755, loss_diffusion: 1.8634, gan_loss_scale: 0.0000
2026-07-02 17:59:20,651 - mmgen - INFO - Iter [51/25000]	lr_diffusion: 5.005e-05 lr_discriminator: 5.005e-06, eta: 3 days, 23:09:16, time: 42.014, data_time: 33.107, memory: 49867, teacher_ratio: 0.9750, loss_diffusion: 0.7469, gan_loss_scale: 0.0000
2026-07-02 17:59:29,652 - mmgen - INFO - Iter [52/25000]	lr_diffusion: 5.105e-05 lr_discriminator: 5.105e-06, eta: 3 days, 22:31:14, time: 9.001, data_time: 0.040, memory: 49867, teacher_ratio: 0.9745, loss_diffusion: 4.3364, gan_loss_scale: 0.0000
2026-07-02 17:59:38,655 - mmgen - INFO - Iter [53/25000]	lr_diffusion: 5.205e-05 lr_discriminator: 5.205e-06, eta: 3 days, 21:54:38, time: 9.003, data_time: 0.040, memory: 49867, teacher_ratio: 0.9740, loss_diffusion: 5.6844, gan_loss_scale: 0.0000
2026-07-02 17:59:47,633 - mmgen - INFO - Iter [54/25000]	lr_diffusion: 5.305e-05 lr_discriminator: 5.305e-06, eta: 3 days, 21:19:11, time: 8.978, data_time: 0.043, memory: 49867, teacher_ratio: 0.9735, loss_diffusion: 3.0942, gan_loss_scale: 0.0000
2026-07-02 17:59:56,625 - mmgen - INFO - Iter [55/25000]	lr_diffusion: 5.405e-05 lr_discriminator: 5.405e-06, eta: 3 days, 20:45:08, time: 8.992, data_time: 0.040, memory: 49867, teacher_ratio: 0.9730, loss_diffusion: 2.9384, gan_loss_scale: 0.0000
2026-07-02 18:00:05,595 - mmgen - INFO - Iter [56/25000]	lr_diffusion: 5.505e-05 lr_discriminator: 5.505e-06, eta: 3 days, 20:12:06, time: 8.967, data_time: 0.037, memory: 49867, teacher_ratio: 0.9725, loss_diffusion: 2.3277, gan_loss_scale: 0.0000
2026-07-02 18:00:14,558 - mmgen - INFO - Iter [57/25000]	lr_diffusion: 5.604e-05 lr_discriminator: 5.604e-06, eta: 3 days, 19:40:14, time: 8.967, data_time: 0.044, memory: 49867, teacher_ratio: 0.9720, loss_diffusion: 1.3854, gan_loss_scale: 0.0000
2026-07-02 18:00:23,523 - mmgen - INFO - Iter [58/25000]	lr_diffusion: 5.704e-05 lr_discriminator: 5.704e-06, eta: 3 days, 19:09:26, time: 8.965, data_time: 0.036, memory: 49867, teacher_ratio: 0.9715, loss_diffusion: 1.5862, gan_loss_scale: 0.0000
2026-07-02 18:00:36,999 - mmgen - INFO - Iter [59/25000]	lr_diffusion: 5.804e-05 lr_discriminator: 5.804e-06, eta: 3 days, 19:11:27, time: 13.475, data_time: 0.037, memory: 49867, teacher_ratio: 0.9710, loss_diffusion: 1.2415, gan_loss_scale: 0.0000
E0702 18:00:44.012000 4066251 site-packages/torch/distributed/elastic/multiprocessing/api.py:874] failed (exitcode: -9) local_rank: 0 (pid: 4066662) of binary: /mnt/afs_zhangyunzhe/miniconda3/envs/arcflow/bin/python3.10
Traceback (most recent call last):
  File "/mnt/afs_zhangyunzhe/miniconda3/envs/arcflow/bin/torchrun", line 6, in <module>
    sys.exit(main())
  File "/mnt/afs_zhangyunzhe/miniconda3/envs/arcflow/lib/python3.10/site-packages/torch/distributed/elastic/multiprocessing/errors/__init__.py", line 357, in wrapper
    return f(*args, **kwargs)
  File "/mnt/afs_zhangyunzhe/miniconda3/envs/arcflow/lib/python3.10/site-packages/torch/distributed/run.py", line 901, in main
    run(args)
  File "/mnt/afs_zhangyunzhe/miniconda3/envs/arcflow/lib/python3.10/site-packages/torch/distributed/run.py", line 892, in run
    elastic_launch(
  File "/mnt/afs_zhangyunzhe/miniconda3/envs/arcflow/lib/python3.10/site-packages/torch/distributed/launcher/api.py", line 143, in __call__
    return launch_agent(self._config, self._entrypoint, list(args))
  File "/mnt/afs_zhangyunzhe/miniconda3/envs/arcflow/lib/python3.10/site-packages/torch/distributed/launcher/api.py", line 277, in launch_agent
    raise ChildFailedError(
torch.distributed.elastic.multiprocessing.errors.ChildFailedError: 
============================================================
/mnt/afs_zhangyunzhe/EditFlow/train.py FAILED
------------------------------------------------------------
Failures:
[1]:
  time      : 2026-07-02_18:00:44
  host      : app-a3067f3c28cb43808719db0807c0176d-568dd6bbd-228qb
  rank      : 1 (local_rank: 1)
  exitcode  : -9 (pid: 4066663)
  error_file: <N/A>
  traceback : Signal 9 (SIGKILL) received by PID 4066663
------------------------------------------------------------
Root Cause (first observed failure):
[0]:
  time      : 2026-07-02_18:00:44
  host      : app-a3067f3c28cb43808719db0807c0176d-568dd6bbd-228qb
  rank      : 0 (local_rank: 0)
  exitcode  : -9 (pid: 4066662)
  error_file: <N/A>
  traceback : Signal 9 (SIGKILL) received by PID 4066662
============================================================
