[pretrain] loading student weights from checkpoints/gmkontext_uedit_fixedeps_k16_2nfe_pico400k/20260618_055623/iter_20000.pth
Launching EditFlow fixed-eps step2 GAN FSDP: nproc_per_node=2  total_iters=25000  gan_warmup=3000  gan_ramp=0  gan_weight=1.0  load_from=checkpoints/gmkontext_uedit_fixedeps_k16_2nfe_pico400k/20260618_055623/iter_20000.pth  resume_from=none  run=gmkontext_uedit_fixedeps_k16_2nfe_pico400k_step2_gan  CUDA_VISIBLE_DEVICES=0,1
W0702 17:29:57.497000 4042375 site-packages/torch/distributed/run.py:774] 
W0702 17:29:57.497000 4042375 site-packages/torch/distributed/run.py:774] *****************************************
W0702 17:29:57.497000 4042375 site-packages/torch/distributed/run.py:774] Setting OMP_NUM_THREADS environment variable for each process to be 1 in default, to avoid your system being overloaded, please further tune the variable for optimal performance in your application as needed. 
W0702 17:29:57.497000 4042375 site-packages/torch/distributed/run.py:774] *****************************************
2026-07-02 17:30:55,446 - mmgen - INFO - Experiment dir: /mnt/afs_zhangyunzhe/EditFlow/work_dirs/gmkontext_uedit_fixedeps_k16_2nfe_pico400k_step2_gan
2026-07-02 17:30:55,448 - mmgen - INFO - Run dir: /mnt/afs_zhangyunzhe/EditFlow/work_dirs/gmkontext_uedit_fixedeps_k16_2nfe_pico400k_step2_gan/20260702_173053 (run_id=20260702_173053)
2026-07-02 17:30:55,658 - mmgen - INFO - Environment info:
------------------------------------------------------------
sys.platform: linux
Python: 3.10.20 (main, Mar 11 2026, 17:46:40) [GCC 14.3.0]
CUDA available: True
CUDA_HOME: /usr/local/cuda
NVCC: Build cuda_12.4.r12.4/compiler.34097967_0
GPU 0,1: NVIDIA A100-SXM4-80GB
GCC: gcc (Ubuntu 11.4.0-1ubuntu1~22.04) 11.4.0
PyTorch: 2.8.0+cu128
PyTorch compiling details: PyTorch built with:
  - GCC 13.3
  - C++ Version: 201703
  - Intel(R) oneAPI Math Kernel Library Version 2024.2-Product Build 20240605 for Intel(R) 64 architecture applications
  - Intel(R) MKL-DNN v3.7.1 (Git Hash 8d263e693366ef8db40acc569cc7d8edf644556d)
  - OpenMP 201511 (a.k.a. OpenMP 4.5)
  - LAPACK is enabled (usually provided by MKL)
  - NNPACK is enabled
  - CPU capability usage: AVX512
  - CUDA Runtime 12.8
  - NVCC architecture flags: -gencode;arch=compute_70,code=sm_70;-gencode;arch=compute_75,code=sm_75;-gencode;arch=compute_80,code=sm_80;-gencode;arch=compute_86,code=sm_86;-gencode;arch=compute_90,code=sm_90;-gencode;arch=compute_100,code=sm_100;-gencode;arch=compute_120,code=sm_120
  - CuDNN 91.0.2  (built against CUDA 12.9)
    - Built with CuDNN 90.8
  - Magma 2.6.1
  - Build settings: BLAS_INFO=mkl, BUILD_TYPE=Release, COMMIT_SHA=a1cb3cc05d46d198467bebbb6e8fba50a325d4e7, CUDA_VERSION=12.8, CUDNN_VERSION=9.8.0, CXX_COMPILER=/opt/rh/gcc-toolset-13/root/usr/bin/c++, CXX_FLAGS= -fvisibility-inlines-hidden -DUSE_PTHREADPOOL -DNDEBUG -DUSE_KINETO -DLIBKINETO_NOROCTRACER -DLIBKINETO_NOXPUPTI=ON -DUSE_FBGEMM -DUSE_PYTORCH_QNNPACK -DUSE_XNNPACK -DSYMBOLICATE_MOBILE_DEBUG_HANDLE -O2 -fPIC -DC10_NODEPRECATED -Wall -Wextra -Werror=return-type -Werror=non-virtual-dtor -Werror=range-loop-construct -Werror=bool-operation -Wnarrowing -Wno-missing-field-initializers -Wno-unknown-pragmas -Wno-unused-parameter -Wno-strict-overflow -Wno-strict-aliasing -Wno-stringop-overflow -Wsuggest-override -Wno-psabi -Wno-error=old-style-cast -faligned-new -Wno-maybe-uninitialized -fno-math-errno -fno-trapping-math -Werror=format -Wno-dangling-reference -Wno-error=dangling-reference -Wno-stringop-overflow, LAPACK_INFO=mkl, PERF_WITH_AVX=1, PERF_WITH_AVX2=1, TORCH_VERSION=2.8.0, USE_CUDA=ON, USE_CUDNN=ON, USE_CUSPARSELT=1, USE_GFLAGS=OFF, USE_GLOG=OFF, USE_GLOO=ON, USE_MKL=ON, USE_MKLDNN=ON, USE_MPI=OFF, USE_NCCL=1, USE_NNPACK=ON, USE_OPENMP=ON, USE_ROCM=OFF, USE_ROCM_KERNEL_ASSERT=OFF, USE_XCCL=OFF, USE_XPU=OFF, 

TorchVision: 0.23.0+cu128
OpenCV: 4.13.0
MMCV: 1.6.1
MMGen: 0.7.2+c03b642
MMCV Compiler: n/a
MMCV CUDA Compiler: n/a
------------------------------------------------------------

2026-07-02 17:30:56,994 - mmgen - INFO - Distributed training: True
2026-07-02 17:30:58,728 - mmgen - INFO - Config:
model = dict(
    diffusion=dict(
        denoising=dict(
            freeze_exclude_autocast_dtype='bfloat16',
            type='ArcFluxEditNewTransformer2DModel',
            patch_size=2,
            freeze=True,
            freeze_exclude=[
                'proj_out_deltax', 'proj_out_logweights', 'proj_out_loggamma',
                'norm_out', 'lora'
            ],
            inherit_proj_out_deltax=False,
            deltax_init='kaiming',
            pretrained=
            '/mnt/afs_zhangyunzhe/pretrained_models/FLUX.1-Kontext-dev/transformer/diffusion_pytorch_model.safetensors.index.json',
            num_gaussians=16,
            logweights_channels=4,
            in_channels=64,
            num_layers=19,
            num_single_layers=38,
            attention_head_dim=128,
            num_attention_heads=24,
            joint_attention_dim=4096,
            pooled_projection_dim=768,
            guidance_embeds=True,
            torch_dtype='bfloat16',
            checkpointing=False,
            use_lora=True,
            lora_target_modules=[
                'proj_mlp', 'proj_out', 'ff.net.0.proj', 'ff.net.2',
                'ff_context.net.0.proj', 'ff_context.net.2',
                'timestep_embedder.linear_1', 'timestep_embedder.linear_2'
            ],
            lora_dropout=0.05,
            lora_rank=256),
        type='ArcFlowEditImitationStep2GAN',
        policy_type='ArcFlowEdit',
        flow_loss=dict(
            type='DiffusionMSELoss',
            data_info=dict(pred='u_t_pred', target='u_t'),
            rescale_mode='constant',
            rescale_cfg=dict(scale=30.0)),
        num_timesteps=1,
        timestep_sampler=dict(
            type='ContinuousTimeStepSampler',
            shift=3.2,
            logit_normal_enable=False),
        denoising_mean_mode='U'),
    text_encoder=dict(
        type='PretrainedFluxTextEncoder',
        from_pretrained=
        '/mnt/afs_zhangyunzhe/pretrained_models/FLUX.1-Kontext-dev'),
    type='LatentDiffusionImageEditStep2GAN',
    vae=dict(
        type='PretrainedVAE',
        from_pretrained=
        '/mnt/afs_zhangyunzhe/pretrained_models/FLUX.1-Kontext-dev',
        subfolder='vae',
        freeze=True,
        torch_dtype='bfloat16'),
    diffusion_use_ema=True,
    teacher=dict(
        type='GaussianFlow',
        denoising=dict(
            type='FluxTransformer2DModel',
            patch_size=2,
            freeze=True,
            pretrained=
            '/mnt/afs_zhangyunzhe/pretrained_models/FLUX.1-Kontext-dev/transformer/diffusion_pytorch_model.safetensors.index.json',
            in_channels=64,
            num_layers=19,
            num_single_layers=38,
            attention_head_dim=128,
            num_attention_heads=24,
            joint_attention_dim=4096,
            pooled_projection_dim=768,
            guidance_embeds=True,
            torch_dtype='bfloat16'),
        num_timesteps=1,
        denoising_mean_mode='U'),
    tie_teacher=True,
    discriminator=dict(
        type='DINOv3PatchDiscriminator',
        checkpoint_path=
        '/mnt/afs_zhangyunzhe/pretrained_models/dinov3-vitl16-pretrain-lvd1689m/model.safetensors',
        input_size=224,
        global_weight=0.25,
        patch_weight=1.0,
        freeze_backbone=True))
train_cfg = dict(
    grad_accum_batch_size=1,
    diffusion_grad_clip=50.0,
    diffusion_grad_clip_begin_iter=100,
    use_edited_x0=True,
    use_uedit=True,
    fixed_path_epsilon=True,
    split_stage_gan_warmup_iters=3000,
    split_stage_gan_ramp_iters=0,
    split_stage_gan_loss_weight=1.0,
    num_decay_iters=2000,
    window_substeps=3,
    gm_dropout=0.1,
    num_intermediate_states=4,
    distilled_guidance_scale=3.5,
    teacher_distilled_guidance_scale=3.5,
    nfe=2,
    timestep_ratio=1.0,
    total_substeps=128)
optimizer = dict(
    diffusion=dict(
        type='AdamW',
        lr=0.0001,
        betas=(0.9, 0.95),
        weight_decay=0.0,
        paramwise_cfg=dict(
            custom_keys=dict(proj_out_loggamma=dict(lr_mult=0.1)))),
    discriminator=dict(
        type='AdamW', lr=1e-05, betas=(0.9, 0.95), weight_decay=0.0))
lr_config = dict(
    policy='fixed', warmup='linear', warmup_iters=100, warmup_ratio=0.001)
runner = dict(
    type='DynamicIterBasedRunnerMod',
    pass_training_status=True,
    ckpt_trainable_only=True,
    ckpt_fp16=True,
    ckpt_fp16_ema=True,
    ckpt_bf16_optim=True,
    gc_interval=20)
dist_params = dict(backend='nccl')
log_level = 'INFO'
module_wrapper = 'fsdp'
fsdp_kwargs = dict(
    wrap_frozen_modules=True,
    ignore_frozen_parameters=False,
    fsdp_modules=[
        'diffusers.models.transformers.transformer_flux.FluxTransformerBlock',
        'diffusers.models.transformers.transformer_flux.FluxSingleTransformerBlock'
    ],
    exclude_keys=['vae'],
    tie_key_mappings=['teacher->diffusion', 'teacher->diffusion_ema'])
cudnn_benchmark = True
mp_start_method = 'fork'
data_root = '/mnt/afs_zhangyunzhe/dataset/pico-banana-400k'
data = dict(
    train=dict(
        type='ImageEdit',
        data_root='/mnt/afs_zhangyunzhe/dataset/pico-banana-400k',
        jsonl_path='jsonl/sft_with_local_source_image_path.jsonl',
        edited_images_dir='edited_images',
        image_size=1024,
        require_edited=True,
        end_ind=-128,
        resize_mode='kontext'),
    val=dict(
        type='ImageEdit',
        data_root='/mnt/afs_zhangyunzhe/dataset/pico-banana-400k',
        jsonl_path='jsonl/sft_with_local_source_image_path.jsonl',
        edited_images_dir='edited_images',
        image_size=1024,
        start_ind=-128,
        repeat=2,
        test_mode=True,
        resize_mode='kontext'),
    workers_per_gpu=1,
    train_dataloader=dict(samples_per_gpu=1),
    val_dataloader=dict(samples_per_gpu=1),
    test_dataloader=dict(samples_per_gpu=1),
    persistent_workers=False,
    prefetch_factor=2)
name = 'gmkontext_uedit_fixedeps_k16_2nfe_pico400k_step2_gan'
kontext_model = '/mnt/afs_zhangyunzhe/pretrained_models/FLUX.1-Kontext-dev'
kontext_transformer = '/mnt/afs_zhangyunzhe/pretrained_models/FLUX.1-Kontext-dev/transformer/diffusion_pytorch_model.safetensors.index.json'
dinov3_model = '/mnt/afs_zhangyunzhe/pretrained_models/dinov3-vitl16-pretrain-lvd1689m/model.safetensors'
save_interval = 500
must_save_interval = 1000
eval_interval = 500
work_dir = '/mnt/afs_zhangyunzhe/EditFlow/work_dirs/gmkontext_uedit_fixedeps_k16_2nfe_pico400k_step2_gan/20260702_173053'
test_cfg = dict(
    distilled_guidance_scale=3.5,
    fixed_path_epsilon=True,
    nfe=2,
    timestep_ratio=1.0,
    total_substeps=128,
    latent_size=(16, 128, 128))
sample_eval = dict(
    type='EditFlowSampleImagesHook',
    enabled=True,
    data='val',
    interval=10,
    must_save_interval=0,
    output_dir='samples',
    max_samples=8,
    priority='LOW')
checkpoint_config = dict(
    interval=500,
    must_save_interval=1000,
    by_epoch=False,
    max_keep_ckpts=1,
    out_dir='checkpoints/gmkontext_uedit_fixedeps_k16_2nfe_pico400k_step2_gan')
total_iters = 25000
log_config = dict(
    interval=1,
    hooks=[dict(type='TextLoggerHook'),
           dict(type='TensorboardLoggerHook')])
custom_hooks = [
    dict(
        type='ExponentialMovingAverageHookMod',
        module_keys=('diffusion_ema', ),
        interp_mode='lerp',
        interval=1,
        start_iter=100,
        momentum_policy='karras',
        momentum_cfg=dict(gamma=7.0),
        priority='VERY_HIGH')
]
load_from = 'checkpoints/gmkontext_uedit_fixedeps_k16_2nfe_pico400k/20260618_055623/iter_20000.pth'
resume_from = ''
workflow = [('train', 500)]
gpu_ids = range(0, 2)

2026-07-02 17:30:58,729 - mmgen - INFO - Set random seed to 2021, deterministic: False, use_rank_shift: True
2026-07-02 17:30:58,866 - mmgen - INFO - load checkpoint from local path: /mnt/afs_zhangyunzhe/pretrained_models/FLUX.1-Kontext-dev/transformer/diffusion_pytorch_model.safetensors.index.json
2026-07-02 17:30:59,901 - mmgen - INFO - load checkpoint from local path: /mnt/afs_zhangyunzhe/pretrained_models/FLUX.1-Kontext-dev/transformer/diffusion_pytorch_model.safetensors.index.json
Loading pipeline components...:   0%|          | 0/4 [00:00<?, ?it/s]
Loading checkpoint shards:   0%|          | 0/2 [00:00<?, ?it/s][A
Loading checkpoint shards:  50%|█████     | 1/2 [00:00<00:00,  6.69it/s][AYou set `add_prefix_space`. The tokenizer needs to be converted from the slow tokenizers

Loading checkpoint shards: 100%|██████████| 2/2 [00:00<00:00,  6.95it/s][ALoading checkpoint shards: 100%|██████████| 2/2 [00:00<00:00,  6.90it/s]
Loading pipeline components...:  25%|██▌       | 1/4 [00:00<00:01,  2.94it/s]You set `add_prefix_space`. The tokenizer needs to be converted from the slow tokenizers
Loading pipeline components...:  50%|█████     | 2/4 [00:00<00:00,  3.48it/s]Loading checkpoint shards:   0%|          | 0/2 [00:00<?, ?it/s]Loading checkpoint shards:  50%|█████     | 1/2 [00:00<00:00,  8.78it/s]Loading pipeline components...:  75%|███████▌  | 3/4 [00:00<00:00,  4.26it/s]Loading checkpoint shards: 100%|██████████| 2/2 [00:00<00:00,  9.43it/s]Loading checkpoint shards: 100%|██████████| 2/2 [00:00<00:00,  9.28it/s]
Loading pipeline components...: 100%|██████████| 4/4 [00:00<00:00,  5.13it/s]Loading pipeline components...: 100%|██████████| 4/4 [00:00<00:00,  4.46it/s]
2026-07-02 17:31:19,085 - mmgen - INFO - ImageEdit: loaded 257730 rows, using [0, 257602), image_size=1024, require_edited=True, skip_missing=True
2026-07-02 17:31:20,847 - mmgen - INFO - Use FSDP Wrapper.
/mnt/afs_zhangyunzhe/miniconda3/envs/arcflow/lib/python3.10/site-packages/torch/distributed/fsdp/_init_utils.py:1022: UserWarning: The .grad attribute of a Tensor that is not a leaf Tensor is being accessed. Its .grad attribute won't be populated during autograd.backward(). If you indeed want the .grad field to be populated for a non-leaf Tensor, use .retain_grad() on the non-leaf Tensor. If you access the non-leaf Tensor by mistake, make sure you access the leaf Tensor instead. See github.com/pytorch/pytorch/pull/30531 for more informations. (Triggered internally at /pytorch/build/aten/src/ATen/core/TensorBody.h:489.)
  if param.grad is not None:
/mnt/afs_zhangyunzhe/miniconda3/envs/arcflow/lib/python3.10/site-packages/torch/distributed/fsdp/_init_utils.py:1022: UserWarning: The .grad attribute of a Tensor that is not a leaf Tensor is being accessed. Its .grad attribute won't be populated during autograd.backward(). If you indeed want the .grad field to be populated for a non-leaf Tensor, use .retain_grad() on the non-leaf Tensor. If you access the non-leaf Tensor by mistake, make sure you access the leaf Tensor instead. See github.com/pytorch/pytorch/pull/30531 for more informations. (Triggered internally at /pytorch/build/aten/src/ATen/core/TensorBody.h:489.)
  if param.grad is not None:
[rank0]: Traceback (most recent call last):
[rank0]:   File "/mnt/afs_zhangyunzhe/EditFlow/train.py", line 260, in <module>
[rank0]:     main()
[rank0]:   File "/mnt/afs_zhangyunzhe/EditFlow/train.py", line 249, in main
[rank0]:     train_model(
[rank0]:   File "/mnt/afs_zhangyunzhe/EditFlow/lakonlab/apis/train.py", line 58, in train_model
[rank0]:     model = apply_module_wrapper(model, module_wrapper, cfg)
[rank0]:   File "/mnt/afs_zhangyunzhe/EditFlow/lakonlab/parallel/utils.py", line 24, in apply_module_wrapper
[rank0]:     model = FSDPWrapper(
[rank0]:   File "/mnt/afs_zhangyunzhe/EditFlow/lakonlab/parallel/fsdp_wrapper.py", line 201, in __init__
[rank0]:     self.to_fsdp(
[rank0]:   File "/mnt/afs_zhangyunzhe/EditFlow/lakonlab/parallel/fsdp_wrapper.py", line 214, in to_fsdp
[rank0]:     module = FullyShardedDataParallelFix(
[rank0]:   File "/mnt/afs_zhangyunzhe/miniconda3/envs/arcflow/lib/python3.10/site-packages/torch/distributed/fsdp/fully_sharded_data_parallel.py", line 497, in __init__
[rank0]:     _init_param_handle_from_module(
[rank0]:   File "/mnt/afs_zhangyunzhe/miniconda3/envs/arcflow/lib/python3.10/site-packages/torch/distributed/fsdp/_init_utils.py", line 598, in _init_param_handle_from_module
[rank0]:     _move_module_to_device(
[rank0]:   File "/mnt/afs_zhangyunzhe/miniconda3/envs/arcflow/lib/python3.10/site-packages/torch/distributed/fsdp/_init_utils.py", line 991, in _move_module_to_device
[rank0]:     _move_states_to_device(params_to_move, bufs_to_move, device_from_device_id)
[rank0]:   File "/mnt/afs_zhangyunzhe/miniconda3/envs/arcflow/lib/python3.10/site-packages/torch/distributed/fsdp/_init_utils.py", line 1021, in _move_states_to_device
[rank0]:     param.data = param.to(device_from_device_id)
[rank0]: torch.OutOfMemoryError: CUDA out of memory. Tried to allocate 80.00 MiB. GPU 0 has a total capacity of 79.25 GiB of which 30.25 MiB is free. Process 3988248 has 58.32 GiB memory in use. Including non-PyTorch memory, this process has 20.88 GiB memory in use. Of the allocated memory 19.72 GiB is allocated by PyTorch, and 93.24 MiB is reserved by PyTorch but unallocated. If reserved but unallocated memory is large try setting PYTORCH_CUDA_ALLOC_CONF=expandable_segments:True to avoid fragmentation.  See documentation for Memory Management  (https://pytorch.org/docs/stable/notes/cuda.html#environment-variables)
[rank0]:[W702 17:34:23.053070361 ProcessGroupNCCL.cpp:1538] Warning: WARNING: destroy_process_group() was not called before program exit, which can leak resources. For more info, please see https://pytorch.org/docs/stable/distributed.html#shutdown (function operator())
W0702 17:34:26.237000 4042375 site-packages/torch/distributed/elastic/multiprocessing/api.py:900] Sending process 4043396 closing signal SIGTERM
E0702 17:34:27.263000 4042375 site-packages/torch/distributed/elastic/multiprocessing/api.py:874] failed (exitcode: 1) local_rank: 0 (pid: 4043382) of binary: /mnt/afs_zhangyunzhe/miniconda3/envs/arcflow/bin/python3.10
Traceback (most recent call last):
  File "/mnt/afs_zhangyunzhe/miniconda3/envs/arcflow/bin/torchrun", line 6, in <module>
    sys.exit(main())
  File "/mnt/afs_zhangyunzhe/miniconda3/envs/arcflow/lib/python3.10/site-packages/torch/distributed/elastic/multiprocessing/errors/__init__.py", line 357, in wrapper
    return f(*args, **kwargs)
  File "/mnt/afs_zhangyunzhe/miniconda3/envs/arcflow/lib/python3.10/site-packages/torch/distributed/run.py", line 901, in main
    run(args)
  File "/mnt/afs_zhangyunzhe/miniconda3/envs/arcflow/lib/python3.10/site-packages/torch/distributed/run.py", line 892, in run
    elastic_launch(
  File "/mnt/afs_zhangyunzhe/miniconda3/envs/arcflow/lib/python3.10/site-packages/torch/distributed/launcher/api.py", line 143, in __call__
    return launch_agent(self._config, self._entrypoint, list(args))
  File "/mnt/afs_zhangyunzhe/miniconda3/envs/arcflow/lib/python3.10/site-packages/torch/distributed/launcher/api.py", line 277, in launch_agent
    raise ChildFailedError(
torch.distributed.elastic.multiprocessing.errors.ChildFailedError: 
============================================================
/mnt/afs_zhangyunzhe/EditFlow/train.py FAILED
------------------------------------------------------------
Failures:
  <NO_OTHER_FAILURES>
------------------------------------------------------------
Root Cause (first observed failure):
[0]:
  time      : 2026-07-02_17:34:26
  host      : app-a3067f3c28cb43808719db0807c0176d-568dd6bbd-228qb
  rank      : 0 (local_rank: 0)
  exitcode  : 1 (pid: 4043382)
  error_file: <N/A>
  traceback : To enable traceback see: https://pytorch.org/docs/stable/elastic/errors.html
============================================================
